114.249.235.230 - - [11/Apr/2017:10:48:12 +0800] "GET /wp-content/plugins/qq-kefu/images/kefu_06.gif HTTP/1.1" 200 1514 "http://m.magedu.com/wp-content/plugins/qq-kefu/qqkefu.css" "Mozilla/5.0 (Linux; Android 6.0; Nexus 5 Build/MRA58N) AppleWebKit/537.36 (KHTML, like Gecko) Chrome/57.0.2987.133 Mobile Safari/537.36"
114.249.235.230 - - [11/Apr/2017:10:48:12 +0800] "GET /wp-content/plugins/qq-kefu/images/kefu_05.gif HTTP/1.1" 200 1296 "http://m.magedu.com/wp-content/plugins/qq-kefu/qqkefu.css" "Mozilla/5.0 (Linux; Android 6.0; Nexus 5 Build/MRA58N) AppleWebKit/537.36 (KHTML, like Gecko) Chrome/57.0.2987.133 Mobile Safari/537.36"
114.249.235.230 - - [11/Apr/2017:10:48:12 +0800] "GET /wp-content/plugins/qq-kefu/images/kefu_04.gif HTTP/1.1" 200 2898 "http://m.magedu.com/wp-content/plugins/qq-kefu/qqkefu.css" "Mozilla/5.0 (Linux; Android 6.0; Nexus 5 Build/MRA58N) AppleWebKit/537.36 (KHTML, like Gecko) Chrome/57.0.2987.133 Mobile Safari/537.36"
114.249.235.230 - - [11/Apr/2017:10:48:12 +0800] "GET /wp-content/plugins/qq-kefu/images/kefu_02.gif HTTP/1.1" 200 1440 "http://m.magedu.com/wp-content/plugins/qq-kefu/qqkefu.css" "Mozilla/5.0 (Linux; Android 6.0; Nexus 5 Build/MRA58N) AppleWebKit/537.36 (KHTML, like Gecko) Chrome/57.0.2987.133 Mobile Safari/537.36"
14.152.69.42 - - [11/Apr/2017:10:48:15 +0800] "GET /wp-content/uploads/2014/05/%E5%9B%BE%E7%89%873-1024x951.jpg HTTP/1.1" 304 0 "http://m.magedu.com/" "Mozilla/5.0 (Linux; U; Android 6.0.1; zh-CN; MI 5s Build/MXB48T) AppleWebKit/537.36 (KHTML, like Gecko) Version/4.0 Chrome/40.0.2214.89 UCBrowser/11.4.8.938 Mobile Safari/537.36"
114.249.235.230 - - [11/Apr/2017:10:48:21 +0800] "GET /favicon.ico HTTP/1.1" 200 5 "http://m.magedu.com/" "Mozilla/5.0 (Linux; Android 6.0; Nexus 5 Build/MRA58N) AppleWebKit/537.36 (KHTML, like Gecko) Chrome/57.0.2987.133 Mobile Safari/537.36"
117.136.81.205 - - [11/Apr/2017:10:48:28 +0800] "GET /favicon.ico HTTP/1.1" 200 5 "-" "Dalvik/2.1.0 (Linux; U; Android 6.0; Le X620 Build/HEXCNFN5902012151S)"
114.249.235.230 - - [11/Apr/2017:10:48:42 +0800] "GET /favicon.ico HTTP/1.1" 200 5 "http://m.magedu.com/" "Mozilla/5.0 (Macintosh; Intel Mac OS X 10_12_3) AppleWebKit/537.36 (KHTML, like Gecko) Chrome/57.0.2987.133 Safari/537.36"
223.104.63.32 - - [11/Apr/2017:10:48:56 +0800] "GET / HTTP/1.1" 200 7461 "-" "Mozilla/5.0 (Linux; Android 6.0.1; MI 5s Build/MXB48T; wv) AppleWebKit/537.36 (KHTML, like Gecko) Version/4.0 Chrome/53.0.2785.49 Mobile MQQBrowser/6.2 TBS/043124 Safari/537.36 V1_AND_SQ_6.7.1_500_YYB_D QQ/6.7.1.3105 NetType/4G WebP/0.3.0 Pixel/1080"
14.152.68.227 - - [11/Apr/2017:10:49:03 +0800] "GET / HTTP/1.1" 200 7474 "-" "Mozilla/5.0 (Linux; U; Android 6.0.1; zh-CN; MI 5s Build/MXB48T) AppleWebKit/537.36 (KHTML, like Gecko) Version/4.0 Chrome/40.0.2214.89 UCBrowser/11.4.8.938 Mobile Safari/537.36"
14.152.68.227 - - [11/Apr/2017:10:49:03 +0800] "GET /wp-content/plugins/tc-unlimited-featured-pages/front/assets/css/fpu-front.min.css HTTP/1.1" 304 0 "http://m.magedu.com/" "Mozilla/5.0 (Linux; U; Android 6.0.1; zh-CN; MI 5s Build/MXB48T) AppleWebKit/537.36 (KHTML, like Gecko) Version/4.0 Chrome/40.0.2214.89 UCBrowser/11.4.8.938 Mobile Safari/537.36"
14.152.68.227 - - [11/Apr/2017:10:49:03 +0800] "GET /wp-content/plugins/tc-unlimited-featured-pages/front/assets/js/fpu-front.min.js HTTP/1.1" 304 0 "http://m.magedu.com/" "Mozilla/5.0 (Linux; U; Android 6.0.1; zh-CN; MI 5s Build/MXB48T) AppleWebKit/537.36 (KHTML, like Gecko) Version/4.0 Chrome/40.0.2214.89 UCBrowser/11.4.8.938 Mobile Safari/537.36"
14.152.68.227 - - [11/Apr/2017:10:49:03 +0800] "GET /wp-content/themes/customizr/inc/assets/js/hammer.min.js?ver=3.4.6 HTTP/1.1" 304 0 "http://m.magedu.com/" "Mozilla/5.0 (Linux; U; Android 6.0.1; zh-CN; MI 5s Build/MXB48T) AppleWebKit/537.36 (KHTML, like Gecko) Version/4.0 Chrome/40.0.2214.89 UCBrowser/11.4.8.938 Mobile Safari/537.36"
14.152.68.227 - - [11/Apr/2017:10:49:03 +0800] "GET /wp-content/themes/customizr/inc/assets/js/modernizr.min.js?ver=3.4.6 HTTP/1.1" 304 0 "http://m.magedu.com/" "Mozilla/5.0 (Linux; U; Android 6.0.1; zh-CN; MI 5s Build/MXB48T) AppleWebKit/537.36 (KHTML, like Gecko) Version/4.0 Chrome/40.0.2214.89 UCBrowser/11.4.8.938 Mobile Safari/537.36"
14.152.68.227 - - [11/Apr/2017:10:49:03 +0800] "GET /wp-content/themes/customizr/inc/assets/css/blue3.min.css?ver=3.4.6 HTTP/1.1" 304 0 "http://m.magedu.com/" "Mozilla/5.0 (Linux; U; Android 6.0.1; zh-CN; MI 5s Build/MXB48T) AppleWebKit/537.36 (KHTML, like Gecko) Version/4.0 Chrome/40.0.2214.89 UCBrowser/11.4.8.938 Mobile Safari/537.36"
14.152.68.227 - - [11/Apr/2017:10:49:03 +0800] "GET /wp-content/themes/customizr/style.css?ver=3.4.6 HTTP/1.1" 304 0 "http://m.magedu.com/" "Mozilla/5.0 (Linux; U; Android 6.0.1; zh-CN; MI 5s Build/MXB48T) AppleWebKit/537.36 (KHTML, like Gecko) Version/4.0 Chrome/40.0.2214.89 UCBrowser/11.4.8.938 Mobile Safari/537.36"
14.152.68.227 - - [11/Apr/2017:10:49:03 +0800] "GET /wp-includes/js/jquery/jquery.js?ver=1.12.4 HTTP/1.1" 304 0 "http://m.magedu.com/" "Mozilla/5.0 (Linux; U; Android 6.0.1; zh-CN; MI 5s Build/MXB48T) AppleWebKit/537.36 (KHTML, like Gecko) Version/4.0 Chrome/40.0.2214.89 UCBrowser/11.4.8.938 Mobile Safari/537.36"
14.152.68.227 - - [11/Apr/2017:10:49:03 +0800] "GET /wp-content/themes/customizr/inc/assets/js/fancybox/jquery.fancybox-1.3.4.min.js?ver=3.4.6 HTTP/1.1" 304 0 "http://m.magedu.com/" "Mozilla/5.0 (Linux; U; Android 6.0.1; zh-CN; MI 5s Build/MXB48T) AppleWebKit/537.36 (KHTML, like Gecko) Version/4.0 Chrome/40.0.2214.89 UCBrowser/11.4.8.938 Mobile Safari/537.36"
14.152.68.227 - - [11/Apr/2017:10:49:03 +0800] "GET /wp-content/themes/customizr/inc/assets/css/tc_common.min.css?ver=3.4.6 HTTP/1.1" 304 0 "http://m.magedu.com/" "Mozilla/5.0 (Linux; U; Android 6.0.1; zh-CN; MI 5s Build/MXB48T) AppleWebKit/537.36 (KHTML, like Gecko) Version/4.0 Chrome/40.0.2214.89 UCBrowser/11.4.8.938 Mobile Safari/537.36"
14.152.68.227 - - [11/Apr/2017:10:49:03 +0800] "GET /wp-content/themes/customizr/inc/assets/js/fancybox/jquery.fancybox-1.3.4.min.css?ver=4.5.7 HTTP/1.1" 304 0 "http://m.magedu.com/" "Mozilla/5.0 (Linux; U; Android 6.0.1; zh-CN; MI 5s Build/MXB48T) AppleWebKit/537.36 (KHTML, like Gecko) Version/4.0 Chrome/40.0.2214.89 UCBrowser/11.4.8.938 Mobile Safari/537.36"
14.152.68.227 - - [11/Apr/2017:10:49:03 +0800] "GET /wp-includes/js/jquery/jquery-migrate.min.js?ver=1.4.1 HTTP/1.1" 304 0 "http://m.magedu.com/" "Mozilla/5.0 (Linux; U; Android 6.0.1; zh-CN; MI 5s Build/MXB48T) AppleWebKit/537.36 (KHTML, like Gecko) Version/4.0 Chrome/40.0.2214.89 UCBrowser/11.4.8.938 Mobile Safari/537.36"
14.152.68.227 - - [11/Apr/2017:10:49:03 +0800] "GET /wp-content/themes/customizr/inc/assets/js/tc-scripts.min.js?ver=3.4.6 HTTP/1.1" 304 0 "http://m.magedu.com/" "Mozilla/5.0 (Linux; U; Android 6.0.1; zh-CN; MI 5s Build/MXB48T) AppleWebKit/537.36 (KHTML, like Gecko) Version/4.0 Chrome/40.0.2214.89 UCBrowser/11.4.8.938 Mobile Safari/537.36"
14.152.68.227 - - [11/Apr/2017:10:49:04 +0800] "GET /wp-content/plugins/qq-kefu/qqkefu.css HTTP/1.1" 304 0 "http://m.magedu.com/" "Mozilla/5.0 (Linux; U; Android 6.0.1; zh-CN; MI 5s Build/MXB48T) AppleWebKit/537.36 (KHTML, like Gecko) Version/4.0 Chrome/40.0.2214.89 UCBrowser/11.4.8.938 Mobile Safari/537.36"
14.152.68.227 - - [11/Apr/2017:10:49:04 +0800] "GET /wp-includes/js/jquery/ui/core.min.js?ver=1.11.4 HTTP/1.1" 304 0 "http://m.magedu.com/" "Mozilla/5.0 (Linux; U; Android 6.0.1; zh-CN; MI 5s Build/MXB48T) AppleWebKit/537.36 (KHTML, like Gecko) Version/4.0 Chrome/40.0.2214.89 UCBrowser/11.4.8.938 Mobile Safari/537.36"
14.152.68.227 - - [11/Apr/2017:10:49:04 +0800] "GET /wp-content/plugins/tc-unlimited-featured-pages/front/assets/js/holder.js HTTP/1.1" 304 0 "http://m.magedu.com/" "Mozilla/5.0 (Linux; U; Android 6.0.1; zh-CN; MI 5s Build/MXB48T) AppleWebKit/537.36 (KHTML, like Gecko) Version/4.0 Chrome/40.0.2214.89 UCBrowser/11.4.8.938 Mobile Safari/537.36"
14.152.68.227 - - [11/Apr/2017:10:49:04 +0800] "GET /wp-includes/js/wp-embed.min.js?ver=4.5.7 HTTP/1.1" 304 0 "http://m.magedu.com/" "Mozilla/5.0 (Linux; U; Android 6.0.1; zh-CN; MI 5s Build/MXB48T) AppleWebKit/537.36 (KHTML, like Gecko) Version/4.0 Chrome/40.0.2214.89 UCBrowser/11.4.8.938 Mobile Safari/537.36"
14.152.68.227 - - [11/Apr/2017:10:49:04 +0800] "GET /wp-content/plugins/qq-kefu/qqkefuFront.js HTTP/1.1" 304 0 "http://m.magedu.com/" "Mozilla/5.0 (Linux; U; Android 6.0.1; zh-CN; MI 5s Build/MXB48T) AppleWebKit/537.36 (KHTML, like Gecko) Version/4.0 Chrome/40.0.2214.89 UCBrowser/11.4.8.938 Mobile Safari/537.36"
223.104.63.32 - - [11/Apr/2017:10:49:10 +0800] "GET /favicon.ico HTTP/1.1" 200 5 "-" "Mozilla/5.0 (Linux; U; Android 6.0.1; zh-CN; MI 5s Build/MXB48T) AppleWebKit/537.36 (KHTML, like Gecko) Version/4.0 Chrome/40.0.2214.89 UCBrowser/11.4.8.938 Mobile Safari/537.36"
14.152.69.8 - - [11/Apr/2017:10:49:21 +0800] "GET //index.php HTTP/1.1" 301 5 "-" "Mozilla/5.0 (Linux; U; Android 6.0.1; zh-CN; MI 5s Build/MXB48T) AppleWebKit/537.36 (KHTML, like Gecko) Version/4.0 Chrome/40.0.2214.89 UCBrowser/11.4.8.938 Mobile Safari/537.36"
14.152.69.8 - - [11/Apr/2017:10:49:22 +0800] "GET / HTTP/1.1" 200 7473 "http://m.magedu.com//index.php" "Mozilla/5.0 (Linux; U; Android 6.0.1; zh-CN; MI 5s Build/MXB48T) AppleWebKit/537.36 (KHTML, like Gecko) Version/4.0 Chrome/40.0.2214.89 UCBrowser/11.4.8.938 Mobile Safari/537.36"
14.152.69.8 - - [11/Apr/2017:10:49:22 +0800] "GET /wp-content/themes/customizr/style.css?ver=3.4.6 HTTP/1.1" 304 0 "http://m.magedu.com//index.php" "Mozilla/5.0 (Linux; U; Android 6.0.1; zh-CN; MI 5s Build/MXB48T) AppleWebKit/537.36 (KHTML, like Gecko) Version/4.0 Chrome/40.0.2214.89 UCBrowser/11.4.8.938 Mobile Safari/537.36"
14.152.69.8 - - [11/Apr/2017:10:49:22 +0800] "GET /wp-content/themes/customizr/inc/assets/css/blue3.min.css?ver=3.4.6 HTTP/1.1" 304 0 "http://m.magedu.com//index.php" "Mozilla/5.0 (Linux; U; Android 6.0.1; zh-CN; MI 5s Build/MXB48T) AppleWebKit/537.36 (KHTML, like Gecko) Version/4.0 Chrome/40.0.2214.89 UCBrowser/11.4.8.938 Mobile Safari/537.36"
14.152.69.8 - - [11/Apr/2017:10:49:22 +0800] "GET /wp-content/themes/customizr/inc/assets/js/tc-scripts.min.js?ver=3.4.6 HTTP/1.1" 304 0 "http://m.magedu.com//index.php" "Mozilla/5.0 (Linux; U; Android 6.0.1; zh-CN; MI 5s Build/MXB48T) AppleWebKit/537.36 (KHTML, like Gecko) Version/4.0 Chrome/40.0.2214.89 UCBrowser/11.4.8.938 Mobile Safari/537.36"
14.152.69.8 - - [11/Apr/2017:10:49:22 +0800] "GET /wp-content/plugins/qq-kefu/qqkefuFront.js HTTP/1.1" 304 0 "http://m.magedu.com//index.php" "Mozilla/5.0 (Linux; U; Android 6.0.1; zh-CN; MI 5s Build/MXB48T) AppleWebKit/537.36 (KHTML, like Gecko) Version/4.0 Chrome/40.0.2214.89 UCBrowser/11.4.8.938 Mobile Safari/537.36"
14.152.69.8 - - [11/Apr/2017:10:49:22 +0800] "GET /wp-includes/js/jquery/jquery.js?ver=1.12.4 HTTP/1.1" 304 0 "http://m.magedu.com//index.php" "Mozilla/5.0 (Linux; U; Android 6.0.1; zh-CN; MI 5s Build/MXB48T) AppleWebKit/537.36 (KHTML, like Gecko) Version/4.0 Chrome/40.0.2214.89 UCBrowser/11.4.8.938 Mobile Safari/537.36"
14.152.69.8 - - [11/Apr/2017:10:49:22 +0800] "GET /wp-content/themes/customizr/inc/assets/css/tc_common.min.css?ver=3.4.6 HTTP/1.1" 304 0 "http://m.magedu.com//index.php" "Mozilla/5.0 (Linux; U; Android 6.0.1; zh-CN; MI 5s Build/MXB48T) AppleWebKit/537.36 (KHTML, like Gecko) Version/4.0 Chrome/40.0.2214.89 UCBrowser/11.4.8.938 Mobile Safari/537.36"
14.152.69.8 - - [11/Apr/2017:10:49:22 +0800] "GET /wp-includes/js/jquery/jquery-migrate.min.js?ver=1.4.1 HTTP/1.1" 304 0 "http://m.magedu.com//index.php" "Mozilla/5.0 (Linux; U; Android 6.0.1; zh-CN; MI 5s Build/MXB48T) AppleWebKit/537.36 (KHTML, like Gecko) Version/4.0 Chrome/40.0.2214.89 UCBrowser/11.4.8.938 Mobile Safari/537.36"
14.152.69.8 - - [11/Apr/2017:10:49:22 +0800] "GET /wp-content/plugins/tc-unlimited-featured-pages/front/assets/css/fpu-front.min.css HTTP/1.1" 304 0 "http://m.magedu.com//index.php" "Mozilla/5.0 (Linux; U; Android 6.0.1; zh-CN; MI 5s Build/MXB48T) AppleWebKit/537.36 (KHTML, like Gecko) Version/4.0 Chrome/40.0.2214.89 UCBrowser/11.4.8.938 Mobile Safari/537.36"
14.152.69.8 - - [11/Apr/2017:10:49:22 +0800] "GET /wp-content/themes/customizr/inc/assets/js/modernizr.min.js?ver=3.4.6 HTTP/1.1" 304 0 "http://m.magedu.com//index.php" "Mozilla/5.0 (Linux; U; Android 6.0.1; zh-CN; MI 5s Build/MXB48T) AppleWebKit/537.36 (KHTML, like Gecko) Version/4.0 Chrome/40.0.2214.89 UCBrowser/11.4.8.938 Mobile Safari/537.36"
14.152.69.8 - - [11/Apr/2017:10:49:22 +0800] "GET /wp-content/plugins/tc-unlimited-featured-pages/front/assets/js/fpu-front.min.js HTTP/1.1" 304 0 "http://m.magedu.com//index.php" "Mozilla/5.0 (Linux; U; Android 6.0.1; zh-CN; MI 5s Build/MXB48T) AppleWebKit/537.36 (KHTML, like Gecko) Version/4.0 Chrome/40.0.2214.89 UCBrowser/11.4.8.938 Mobile Safari/537.36"
14.152.69.8 - - [11/Apr/2017:10:49:22 +0800] "GET /wp-content/themes/customizr/inc/assets/js/hammer.min.js?ver=3.4.6 HTTP/1.1" 304 0 "http://m.magedu.com//index.php" "Mozilla/5.0 (Linux; U; Android 6.0.1; zh-CN; MI 5s Build/MXB48T) AppleWebKit/537.36 (KHTML, like Gecko) Version/4.0 Chrome/40.0.2214.89 UCBrowser/11.4.8.938 Mobile Safari/537.36"
14.152.69.8 - - [11/Apr/2017:10:49:22 +0800] "GET /wp-content/themes/customizr/inc/assets/js/fancybox/jquery.fancybox-1.3.4.min.js?ver=3.4.6 HTTP/1.1" 304 0 "http://m.magedu.com//index.php" "Mozilla/5.0 (Linux; U; Android 6.0.1; zh-CN; MI 5s Build/MXB48T) AppleWebKit/537.36 (KHTML, like Gecko) Version/4.0 Chrome/40.0.2214.89 UCBrowser/11.4.8.938 Mobile Safari/537.36"
14.152.69.8 - - [11/Apr/2017:10:49:22 +0800] "GET /wp-content/themes/customizr/inc/assets/js/fancybox/jquery.fancybox-1.3.4.min.css?ver=4.5.7 HTTP/1.1" 304 0 "http://m.magedu.com//index.php" "Mozilla/5.0 (Linux; U; Android 6.0.1; zh-CN; MI 5s Build/MXB48T) AppleWebKit/537.36 (KHTML, like Gecko) Version/4.0 Chrome/40.0.2214.89 UCBrowser/11.4.8.938 Mobile Safari/537.36"
14.152.69.8 - - [11/Apr/2017:10:49:22 +0800] "GET /wp-content/plugins/tc-unlimited-featured-pages/front/assets/js/holder.js HTTP/1.1" 304 0 "http://m.magedu.com//index.php" "Mozilla/5.0 (Linux; U; Android 6.0.1; zh-CN; MI 5s Build/MXB48T) AppleWebKit/537.36 (KHTML, like Gecko) Version/4.0 Chrome/40.0.2214.89 UCBrowser/11.4.8.938 Mobile Safari/537.36"
14.152.69.8 - - [11/Apr/2017:10:49:22 +0800] "GET /wp-includes/js/jquery/ui/core.min.js?ver=1.11.4 HTTP/1.1" 304 0 "http://m.magedu.com//index.php" "Mozilla/5.0 (Linux; U; Android 6.0.1; zh-CN; MI 5s Build/MXB48T) AppleWebKit/537.36 (KHTML, like Gecko) Version/4.0 Chrome/40.0.2214.89 UCBrowser/11.4.8.938 Mobile Safari/537.36"
14.152.69.8 - - [11/Apr/2017:10:49:22 +0800] "GET /wp-content/plugins/qq-kefu/qqkefu.css HTTP/1.1" 304 0 "http://m.magedu.com//index.php" "Mozilla/5.0 (Linux; U; Android 6.0.1; zh-CN; MI 5s Build/MXB48T) AppleWebKit/537.36 (KHTML, like Gecko) Version/4.0 Chrome/40.0.2214.89 UCBrowser/11.4.8.938 Mobile Safari/537.36"
14.152.69.8 - - [11/Apr/2017:10:49:22 +0800] "GET /wp-includes/js/wp-embed.min.js?ver=4.5.7 HTTP/1.1" 304 0 "http://m.magedu.com//index.php" "Mozilla/5.0 (Linux; U; Android 6.0.1; zh-CN; MI 5s Build/MXB48T) AppleWebKit/537.36 (KHTML, like Gecko) Version/4.0 Chrome/40.0.2214.89 UCBrowser/11.4.8.938 Mobile Safari/537.36"
223.104.63.32 - - [11/Apr/2017:10:49:46 +0800] "GET /wp-content/plugins/qq-kefu/images/kefu_01.gif HTTP/1.1" 404 7340 "http://m.magedu.com/wp-content/plugins/qq-kefu/qqkefu.css" "Mozilla/5.0 (Linux; Android 6.0.1; MI 5s Build/MXB48T; wv) AppleWebKit/537.36 (KHTML, like Gecko) Version/4.0 Chrome/53.0.2785.49 Mobile MQQBrowser/6.2 TBS/043124 Safari/537.36 V1_AND_SQ_6.7.1_500_YYB_D QQ/6.7.1.3105 NetType/4G WebP/0.3.0 Pixel/1080"
223.104.63.32 - - [11/Apr/2017:10:49:46 +0800] "GET /wp-content/plugins/qq-kefu/images/kefu_05.gif HTTP/1.1" 404 7340 "http://m.magedu.com/wp-content/plugins/qq-kefu/qqkefu.css" "Mozilla/5.0 (Linux; Android 6.0.1; MI 5s Build/MXB48T; wv) AppleWebKit/537.36 (KHTML, like Gecko) Version/4.0 Chrome/53.0.2785.49 Mobile MQQBrowser/6.2 TBS/043124 Safari/537.36 V1_AND_SQ_6.7.1_500_YYB_D QQ/6.7.1.3105 NetType/4G WebP/0.3.0 Pixel/1080"
223.104.63.32 - - [11/Apr/2017:10:49:46 +0800] "GET /wp-content/themes/customizr/inc/assets/css/fonts/fonts/genericons-regular-webfont.woff HTTP/1.1" 404 7340 "http://m.magedu.com/" "Mozilla/5.0 (Linux; Android 6.0.1; MI 5s Build/MXB48T; wv) AppleWebKit/537.36 (KHTML, like Gecko) Version/4.0 Chrome/53.0.2785.49 Mobile MQQBrowser/6.2 TBS/043124 Safari/537.36 V1_AND_SQ_6.7.1_500_YYB_D QQ/6.7.1.3105 NetType/4G WebP/0.3.0 Pixel/1080"
223.104.63.32 - - [11/Apr/2017:10:49:46 +0800] "GET /wp-content/plugins/qq-kefu/images/kefu_02.gif HTTP/1.1" 404 7340 "http://m.magedu.com/wp-content/plugins/qq-kefu/qqkefu.css" "Mozilla/5.0 (Linux; Android 6.0.1; MI 5s Build/MXB48T; wv) AppleWebKit/537.36 (KHTML, like Gecko) Version/4.0 Chrome/53.0.2785.49 Mobile MQQBrowser/6.2 TBS/043124 Safari/537.36 V1_AND_SQ_6.7.1_500_YYB_D QQ/6.7.1.3105 NetType/4G WebP/0.3.0 Pixel/1080"
223.104.63.32 - - [11/Apr/2017:10:49:46 +0800] "GET /wp-content/plugins/qq-kefu/images/kefu_03.gif HTTP/1.1" 404 7340 "http://m.magedu.com/wp-content/plugins/qq-kefu/qqkefu.css" "Mozilla/5.0 (Linux; Android 6.0.1; MI 5s Build/MXB48T; wv) AppleWebKit/537.36 (KHTML, like Gecko) Version/4.0 Chrome/53.0.2785.49 Mobile MQQBrowser/6.2 TBS/043124 Safari/537.36 V1_AND_SQ_6.7.1_500_YYB_D QQ/6.7.1.3105 NetType/4G WebP/0.3.0 Pixel/1080"
223.104.63.32 - - [11/Apr/2017:10:49:46 +0800] "GET /wp-content/plugins/qq-kefu/images/kefu_04.gif HTTP/1.1" 404 7340 "http://m.magedu.com/wp-content/plugins/qq-kefu/qqkefu.css" "Mozilla/5.0 (Linux; Android 6.0.1; MI 5s Build/MXB48T; wv) AppleWebKit/537.36 (KHTML, like Gecko) Version/4.0 Chrome/53.0.2785.49 Mobile MQQBrowser/6.2 TBS/043124 Safari/537.36 V1_AND_SQ_6.7.1_500_YYB_D QQ/6.7.1.3105 NetType/4G WebP/0.3.0 Pixel/1080"
223.104.63.32 - - [11/Apr/2017:10:49:47 +0800] "GET /wp-content/plugins/qq-kefu/images/kefu_06.gif HTTP/1.1" 404 7340 "http://m.magedu.com/wp-content/plugins/qq-kefu/qqkefu.css" "Mozilla/5.0 (Linux; Android 6.0.1; MI 5s Build/MXB48T; wv) AppleWebKit/537.36 (KHTML, like Gecko) Version/4.0 Chrome/53.0.2785.49 Mobile MQQBrowser/6.2 TBS/043124 Safari/537.36 V1_AND_SQ_6.7.1_500_YYB_D QQ/6.7.1.3105 NetType/4G WebP/0.3.0 Pixel/1080"
223.104.63.32 - - [11/Apr/2017:10:49:47 +0800] "GET /wp-content/plugins/qq-kefu/images/kefu_10.gif HTTP/1.1" 404 7340 "http://m.magedu.com/wp-content/plugins/qq-kefu/qqkefu.css" "Mozilla/5.0 (Linux; Android 6.0.1; MI 5s Build/MXB48T; wv) AppleWebKit/537.36 (KHTML, like Gecko) Version/4.0 Chrome/53.0.2785.49 Mobile MQQBrowser/6.2 TBS/043124 Safari/537.36 V1_AND_SQ_6.7.1_500_YYB_D QQ/6.7.1.3105 NetType/4G WebP/0.3.0 Pixel/1080"
223.104.63.32 - - [11/Apr/2017:10:49:47 +0800] "GET /wp-content/themes/customizr/inc/assets/css/fonts/fonts/genericons-regular-webfont.ttf HTTP/1.1" 404 7340 "http://m.magedu.com/" "Mozilla/5.0 (Linux; Android 6.0.1; MI 5s Build/MXB48T; wv) AppleWebKit/537.36 (KHTML, like Gecko) Version/4.0 Chrome/53.0.2785.49 Mobile MQQBrowser/6.2 TBS/043124 Safari/537.36 V1_AND_SQ_6.7.1_500_YYB_D QQ/6.7.1.3105 NetType/4G WebP/0.3.0 Pixel/1080"
114.249.235.230 - - [11/Apr/2017:10:49:51 +0800] "GET / HTTP/1.1" 200 7635 "-" "Mozilla/5.0 (iPhone; CPU iPhone OS 10_2_1 like Mac OS X) AppleWebKit/602.4.6 (KHTML, like Gecko) Version/10.0 Mobile/14D27 Safari/602.1"
114.249.235.230 - - [11/Apr/2017:10:49:54 +0800] "GET / HTTP/1.1" 200 7635 "-" "Mozilla/5.0 (Linux; Android 6.0; Nexus 5 Build/MRA58N) AppleWebKit/537.36 (KHTML, like Gecko) Chrome/57.0.2987.133 Mobile Safari/537.36"
114.249.235.230 - - [11/Apr/2017:10:49:56 +0800] "GET //index.php HTTP/1.1" 301 5 "http://www.magedu.com/wp-content/themes/qiye-x2/style.css" "Mozilla/5.0 (Linux; Android 6.0; Nexus 5 Build/MRA58N) AppleWebKit/537.36 (KHTML, like Gecko) Chrome/57.0.2987.133 Mobile Safari/537.36"
114.249.235.230 - - [11/Apr/2017:10:49:56 +0800] "GET / HTTP/1.1" 200 7635 "http://www.magedu.com/wp-content/themes/qiye-x2/style.css" "Mozilla/5.0 (Linux; Android 6.0; Nexus 5 Build/MRA58N) AppleWebKit/537.36 (KHTML, like Gecko) Chrome/57.0.2987.133 Mobile Safari/537.36"
114.249.235.230 - - [11/Apr/2017:10:49:57 +0800] "GET /favicon.ico HTTP/1.1" 200 5 "http://m.magedu.com/" "Mozilla/5.0 (Linux; Android 6.0; Nexus 5 Build/MRA58N) AppleWebKit/537.36 (KHTML, like Gecko) Chrome/57.0.2987.133 Mobile Safari/537.36"
123.151.38.94 - - [11/Apr/2017:10:50:45 +0800] "GET / HTTP/1.1" 200 7635 "https://m.baidu.com/from=1000953f/bd_page_type=1/ssid=0/uid=0/pu=usm%402%2Csz%40320_1002%2Cta%40iphone_2_6.0_2_7.2/baiduid=A89A37115D7883C317672AFF358D3C18/w=0_10_/t=iphone/l=1/tc?ref=www_iphone&lid=14313261495359516637&order=1&fm=alop&tj=www_normal_1_0_10_title&url_mf_score=4&vit=osres&m=8&cltj=cloud_title&asres=1&title=%E9%A9%AC%E5%93%A5%E6%95%99%E8%82%B2%E5%AE%98%E7%BD%91-%E4%B8%93%E4%B8%9ALinux%E5%9F%B9%E8%AE%AD%7CPython%E5%9F%B9%E8%AE%AD%7C%E6%8E%92%E5%90%8D%E9%A2%86%E5%85%88%E7%9A%84...&dict=21&w_qd=IlPT2AEptyoA_ykw-Qwcq3WuCjxPkH3&sec=20210&di=e91b492c0bdef4f3&bdenc=1&tch=124.296.259.489.2.168&nsrc=IlPT2AEptyoA_yixCFOxXnANedT62v3IEQGG_yFZ2TuqiI39h47aUb3&eqid=c6a2eb7ec02e30001000000358ec4480&wd=&clk_info=%7B%22srcid%22%3A%221599%22%2C%22tplname%22%3A%22www_normal%22%2C%22t%22%3A1491879044203%2C%22xpath%22%3A%22div-a-h3%22%7D" "Mozilla/5.0 (Linux; U; Android 6.0; zh-cn; MX6 Build/MRA58K) AppleWebKit/537.36 (KHTML, like Gecko)Version/4.0 Chrome/37.0.0.0 MQQBrowser/7.2 Mobile Safari/537.36"
114.249.235.230 - - [11/Apr/2017:10:50:58 +0800] "GET //index.php HTTP/1.1" 301 5 "http://www.magedu.com/wp-content/themes/qiye-x2/style.css" "Mozilla/5.0 (Linux; U; Android 6.0; zh-cn; MX6 Build/MRA58K) AppleWebKit/537.36 (KHTML, like Gecko)Version/4.0 Chrome/37.0.0.0 MQQBrowser/7.2 Mobile Safari/537.36"
114.249.235.230 - - [11/Apr/2017:10:50:58 +0800] "GET / HTTP/1.1" 200 7635 "http://www.magedu.com/wp-content/themes/qiye-x2/style.css" "Mozilla/5.0 (Linux; U; Android 6.0; zh-cn; MX6 Build/MRA58K) AppleWebKit/537.36 (KHTML, like Gecko)Version/4.0 Chrome/37.0.0.0 MQQBrowser/7.2 Mobile Safari/537.36"
114.249.235.230 - - [11/Apr/2017:10:51:02 +0800] "GET /favicon.ico HTTP/1.1" 200 5 "-" "Mozilla/5.0 (Linux; U; Android 6.0; zh-cn; MX6 Build/MRA58K) AppleWebKit/537.36 (KHTML, like Gecko)Version/4.0 Chrome/37.0.0.0 MQQBrowser/7.2 Mobile Safari/537.36"
123.151.38.94 - - [11/Apr/2017:10:51:17 +0800] "GET / HTTP/1.1" 200 7635 "https://m.baidu.com/from=1000953f/bd_page_type=1/ssid=0/uid=0/pu=usm%402%2Csz%40320_1002%2Cta%40iphone_2_6.0_2_7.2/baiduid=A89A37115D7883C317672AFF358D3C18/w=0_10_/t=iphone/l=3/tc?ref=www_iphone&lid=14313261495359516637&order=2&fm=alop&tj=www_normal_2_0_10_title&vit=osres&m=8&srd=1&cltj=cloud_title&asres=1&nt=wnor&title=%E9%A9%AC%E5%93%A5Python%7C%E9%A9%AC%E5%93%A5%E6%95%99%E8%82%B2%E5%AE%98%E7%BD%91-%E4%B8%93%E4%B8%9ALinux%E5%9F%B9%E8%AE%AD%7CPython%E5%9F%B9%E8%AE%AD&dict=32&w_qd=IlPT2AEptyoA_ykw-Qwcq3WuCjxPkH3&sec=20210&di=ce401c9563689ee8&bdenc=1&tch=124.390.271.709.1.752&nsrc=IlPT2AEptyoA_yixCFOxXnANedT62v3IEQGG_yFZ2TuqiI39h47aUbBuYzSqAp8TUZDQbSPQt_91tXKeXlMz7xUuq0dmtmIgznvg-PmsudHWUcm&eqid=c6a2eb7ec02e30001000000358ec4480&wd=&clk_info=%7B%22srcid%22%3A%221599%22%2C%22tplname%22%3A%22www_normal%22%2C%22t%22%3A1491879076086%2C%22xpath%22%3A%22div-a-h3%22%7D" "Mozilla/5.0 (Linux; U; Android 6.0; zh-cn; MX6 Build/MRA58K) AppleWebKit/537.36 (KHTML, like Gecko)Version/4.0 Chrome/37.0.0.0 MQQBrowser/7.2 Mobile Safari/537.36"
114.249.235.230 - - [11/Apr/2017:10:51:19 +0800] "GET //index.php HTTP/1.1" 301 5 "http://www.magedu.com/wp-content/themes/qiye-x2/style.css" "Mozilla/5.0 (Linux; U; Android 6.0; zh-cn; MX6 Build/MRA58K) AppleWebKit/537.36 (KHTML, like Gecko)Version/4.0 Chrome/37.0.0.0 MQQBrowser/7.2 Mobile Safari/537.36"
114.249.235.230 - - [11/Apr/2017:10:51:19 +0800] "GET / HTTP/1.1" 200 7635 "http://www.magedu.com/wp-content/themes/qiye-x2/style.css" "Mozilla/5.0 (Linux; U; Android 6.0; zh-cn; MX6 Build/MRA58K) AppleWebKit/537.36 (KHTML, like Gecko)Version/4.0 Chrome/37.0.0.0 MQQBrowser/7.2 Mobile Safari/537.36"
123.151.38.94 - - [11/Apr/2017:10:51:33 +0800] "GET / HTTP/1.1" 200 7635 "-" "Mozilla/5.0 (Linux; U; Android 6.0; zh-cn; MX6 Build/MRA58K) AppleWebKit/537.36 (KHTML, like Gecko)Version/4.0 Chrome/37.0.0.0 MQQBrowser/7.2 Mobile Safari/537.36"
114.249.235.230 - - [11/Apr/2017:10:51:34 +0800] "GET //index.php HTTP/1.1" 301 5 "http://www.magedu.com/wp-content/themes/qiye-x2/style.css" "Mozilla/5.0 (Linux; U; Android 6.0; zh-cn; MX6 Build/MRA58K) AppleWebKit/537.36 (KHTML, like Gecko)Version/4.0 Chrome/37.0.0.0 MQQBrowser/7.2 Mobile Safari/537.36"
114.249.235.230 - - [11/Apr/2017:10:51:35 +0800] "GET / HTTP/1.1" 200 7635 "http://www.magedu.com/wp-content/themes/qiye-x2/style.css" "Mozilla/5.0 (Linux; U; Android 6.0; zh-cn; MX6 Build/MRA58K) AppleWebKit/537.36 (KHTML, like Gecko)Version/4.0 Chrome/37.0.0.0 MQQBrowser/7.2 Mobile Safari/537.36"
113.108.10.18 - - [11/Apr/2017:10:52:59 +0800] "GET / HTTP/1.0" 200 40950 "-" "Mozilla/5.0 (compatible; MSIE 9.0; Windows NT 6.1; Trident/5.0)"
183.62.115.226 - - [11/Apr/2017:10:53:00 +0800] "GET / HTTP/1.0" 200 40950 "-" "Mozilla/5.0 (compatible; MSIE 9.0; Windows NT 6.1; Trident/5.0)"
61.148.242.235 - - [11/Apr/2017:10:53:09 +0800] "GET //index.php HTTP/1.1" 301 5 "https://m.baidu.com/from=1012322t/bd_page_type=1/ssid=0/uid=0/baiduid=E6F0B636A0C7F30A35A1EF2DF4624E87/w=0_10_/t=zbios/l=1/tc?ref=www_zbios&pu=sz%401320_480%2Ccuid%40guvFa_PLSal9aB8fluHRugOSv8lhu2fg_a2Hi0Ogvu8Ruvt1ga2I8_uqviYOa2tHA%2Ccua%40_avLCgaH-i46ywoUfpw1zyPLXi4ra2iLA%2Ccut%40_u2j8gaSv84gasiDyavGC9J-mqqqC%2Cosname%40baiduboxapp%2Cctv%402%2Ccfrom%401000813a%2Ccen%40cuid_cua_cut%2Ccsrc%40browserf_box_txt%2Cta%40zbios_2_5.1_6_8.4%2Cusm%402%2Cvmgdb%400020100228y&lid=14930631751314401845&order=1&fm=alop&tj=www_normal_1_0_10_title&url_mf_score=4&vit=osres&m=8&cltj=cloud_title&asres=1&title=%E9%A9%AC%E5%93%A5%E6%95%99%E8%82%B2%E5%AE%98%E7%BD%91-%E4%B8%93%E4%B8%9ALinux%E5%9F%B9%E8%AE%AD%7CPython%E5%9F%B9%E8%AE%AD%7C%E6%8E%92%E5%90%8D%E9%A2%86%E5%85%88%E7%9A%84...&dict=21&w_qd=IlPT2AEptyoA_ykw-Qwcq3WuCjxPkH3&sec=20210&di=e91b492c0bdef4f3&bdenc=1&tch=124.0.241.221.0.0&nsrc=IlPT2AEptyoA_yixCFOxXnANedT62v3IEQGG_yFZ2TuqiI39h47aUb3&eqid=cf344278d14368001000000358ec4500&wd=&clk_info=%7B%22srcid%22%3A%221599%22%2C%22tplname%22%3A%22www_normal%22%2C%22t%22%3A1491879170603%2C%22xpath%22%3A%22div-a-h3%22%7D" "Mozilla/5.0 (Linux; Android 5.1; 20160101 Build/LMY47D) AppleWebKit/537.36 (KHTML, like Gecko) Version/4.0 Chrome/35.0.1916.138 Mobile Safari/537.36 T7/7.4 baiduboxapp/8.4 (Baidu; P1 5.1)"
61.148.242.235 - - [11/Apr/2017:10:53:10 +0800] "GET / HTTP/1.1" 200 7635 "https://m.baidu.com/from=1012322t/bd_page_type=1/ssid=0/uid=0/baiduid=E6F0B636A0C7F30A35A1EF2DF4624E87/w=0_10_/t=zbios/l=1/tc?ref=www_zbios&pu=sz%401320_480%2Ccuid%40guvFa_PLSal9aB8fluHRugOSv8lhu2fg_a2Hi0Ogvu8Ruvt1ga2I8_uqviYOa2tHA%2Ccua%40_avLCgaH-i46ywoUfpw1zyPLXi4ra2iLA%2Ccut%40_u2j8gaSv84gasiDyavGC9J-mqqqC%2Cosname%40baiduboxapp%2Cctv%402%2Ccfrom%401000813a%2Ccen%40cuid_cua_cut%2Ccsrc%40browserf_box_txt%2Cta%40zbios_2_5.1_6_8.4%2Cusm%402%2Cvmgdb%400020100228y&lid=14930631751314401845&order=1&fm=alop&tj=www_normal_1_0_10_title&url_mf_score=4&vit=osres&m=8&cltj=cloud_title&asres=1&title=%E9%A9%AC%E5%93%A5%E6%95%99%E8%82%B2%E5%AE%98%E7%BD%91-%E4%B8%93%E4%B8%9ALinux%E5%9F%B9%E8%AE%AD%7CPython%E5%9F%B9%E8%AE%AD%7C%E6%8E%92%E5%90%8D%E9%A2%86%E5%85%88%E7%9A%84...&dict=21&w_qd=IlPT2AEptyoA_ykw-Qwcq3WuCjxPkH3&sec=20210&di=e91b492c0bdef4f3&bdenc=1&tch=124.0.241.221.0.0&nsrc=IlPT2AEptyoA_yixCFOxXnANedT62v3IEQGG_yFZ2TuqiI39h47aUb3&eqid=cf344278d14368001000000358ec4500&wd=&clk_info=%7B%22srcid%22%3A%221599%22%2C%22tplname%22%3A%22www_normal%22%2C%22t%22%3A1491879170603%2C%22xpath%22%3A%22div-a-h3%22%7D" "Mozilla/5.0 (Linux; Android 5.1; 20160101 Build/LMY47D) AppleWebKit/537.36 (KHTML, like Gecko) Version/4.0 Chrome/35.0.1916.138 Mobile Safari/537.36 T7/7.4 baiduboxapp/8.4 (Baidu; P1 5.1)"
61.148.242.235 - - [11/Apr/2017:10:53:19 +0800] "GET //index.php HTTP/1.1" 301 5 "http://m.magedu.com/" "Mozilla/5.0 (Linux; Android 5.1; 20160101 Build/LMY47D) AppleWebKit/537.36 (KHTML, like Gecko) Version/4.0 Chrome/35.0.1916.138 Mobile Safari/537.36 T7/7.4 baiduboxapp/8.4 (Baidu; P1 5.1)"
61.148.242.235 - - [11/Apr/2017:10:53:20 +0800] "GET / HTTP/1.1" 200 7635 "http://m.magedu.com/" "Mozilla/5.0 (Linux; Android 5.1; 20160101 Build/LMY47D) AppleWebKit/537.36 (KHTML, like Gecko) Version/4.0 Chrome/35.0.1916.138 Mobile Safari/537.36 T7/7.4 baiduboxapp/8.4 (Baidu; P1 5.1)"
61.148.242.235 - - [11/Apr/2017:10:53:32 +0800] "GET /favicon.ico HTTP/1.1" 200 5 "-" "Mozilla/5.0 (Linux; Android 5.1; 20160101 Build/LMY47D) AppleWebKit/537.36 (KHTML, like Gecko) Version/4.0 Chrome/35.0.1916.138 Mobile Safari/537.36 T7/7.4"
45.32.42.15 - - [11/Apr/2017:10:54:03 +0800] "GET / HTTP/1.1" 200 7635 "-" "Mozilla/5.0 (Windows NT 6.1; WOW64; rv:52.0) Gecko/20100101 Firefox/52.0"
61.148.242.235 - - [11/Apr/2017:10:55:28 +0800] "GET /favicon.ico HTTP/1.1" 200 5 "-" "Mozilla/5.0 (Linux; Android 5.1; 20160101 Build/LMY47D) AppleWebKit/537.36 (KHTML, like Gecko) Version/4.0 Chrome/35.0.1916.138 Mobile Safari/537.36 T7/7.4"
123.151.38.94 - - [11/Apr/2017:10:56:16 +0800] "GET /index.php HTTP/1.1" 301 5 "http://m.magedu.com/" "Mozilla/5.0 (Linux; U; Android 6.0; zh-cn; MX6 Build/MRA58K) AppleWebKit/537.36 (KHTML, like Gecko)Version/4.0 Chrome/37.0.0.0 MQQBrowser/7.2 Mobile Safari/537.36"
111.30.132.212 - - [11/Apr/2017:10:56:17 +0800] "GET / HTTP/1.1" 200 7635 "-" "Mozilla/5.0 (Windows; U; Windows NT 5.1; zh-CN; rv:1.9b4) Gecko/2008030317 Firefox/3.0b4"
123.151.38.94 - - [11/Apr/2017:10:56:17 +0800] "GET / HTTP/1.1" 200 7635 "http://m.magedu.com/" "Mozilla/5.0 (Linux; U; Android 6.0; zh-cn; MX6 Build/MRA58K) AppleWebKit/537.36 (KHTML, like Gecko)Version/4.0 Chrome/37.0.0.0 MQQBrowser/7.2 Mobile Safari/537.36"
209.58.186.236 - - [11/Apr/2017:10:56:18 +0800] "GET / HTTP/1.1" 200 7635 "-" "Mozilla/5.0 (Macintosh; Intel Mac OS X 10_12_4) AppleWebKit/537.36 (KHTML, like Gecko) Chrome/56.0.2924.87 Safari/537.36"
114.249.235.230 - - [11/Apr/2017:10:56:19 +0800] "GET //index.php HTTP/1.1" 301 5 "http://www.magedu.com/wp-content/themes/qiye-x2/style.css" "Mozilla/5.0 (Linux; U; Android 6.0; zh-cn; MX6 Build/MRA58K) AppleWebKit/537.36 (KHTML, like Gecko)Version/4.0 Chrome/37.0.0.0 MQQBrowser/7.2 Mobile Safari/537.36"
114.249.235.230 - - [11/Apr/2017:10:56:19 +0800] "GET / HTTP/1.1" 200 7635 "http://www.magedu.com/wp-content/themes/qiye-x2/style.css" "Mozilla/5.0 (Linux; U; Android 6.0; zh-cn; MX6 Build/MRA58K) AppleWebKit/537.36 (KHTML, like Gecko)Version/4.0 Chrome/37.0.0.0 MQQBrowser/7.2 Mobile Safari/537.36"
209.58.186.236 - - [11/Apr/2017:10:56:22 +0800] "GET /favicon.ico HTTP/1.1" 200 5 "http://m.magedu.com/" "Mozilla/5.0 (Macintosh; Intel Mac OS X 10_12_4) AppleWebKit/537.36 (KHTML, like Gecko) Chrome/56.0.2924.87 Safari/537.36"
183.202.213.178 - - [11/Apr/2017:10:56:25 +0800] "GET /index.php HTTP/1.1" 301 5 "-" "osee2unifiedRelease/594 Mozilla/5.0 (iPhone; CPU iPhone OS 10_2_1 like Mac OS X) AppleWebKit/602.4.6 (KHTML, like Gecko) Mobile/14D27"
183.202.213.178 - - [11/Apr/2017:10:56:26 +0800] "GET / HTTP/1.1" 200 7635 "-" "osee2unifiedRelease/594 Mozilla/5.0 (iPhone; CPU iPhone OS 10_2_1 like Mac OS X) AppleWebKit/602.4.6 (KHTML, like Gecko) Mobile/14D27"
123.151.38.94 - - [11/Apr/2017:10:56:27 +0800] "GET /index.php HTTP/1.1" 301 5 "http://m.magedu.com/" "Mozilla/5.0 (Linux; U; Android 6.0; zh-cn; MX6 Build/MRA58K) AppleWebKit/537.36 (KHTML, like Gecko)Version/4.0 Chrome/37.0.0.0 MQQBrowser/7.2 Mobile Safari/537.36"
111.161.105.17 - - [11/Apr/2017:10:56:28 +0800] "GET / HTTP/1.1" 200 7635 "-" "Mozilla/5.0 (Windows; U; Windows NT 5.1; zh-CN; rv:1.9b4) Gecko/2008030317 Firefox/3.0b4"
123.151.38.94 - - [11/Apr/2017:10:56:28 +0800] "GET / HTTP/1.1" 200 7635 "http://m.magedu.com/" "Mozilla/5.0 (Linux; U; Android 6.0; zh-cn; MX6 Build/MRA58K) AppleWebKit/537.36 (KHTML, like Gecko)Version/4.0 Chrome/37.0.0.0 MQQBrowser/7.2 Mobile Safari/537.36"
114.249.235.230 - - [11/Apr/2017:10:56:29 +0800] "GET //index.php HTTP/1.1" 301 5 "http://www.magedu.com/wp-content/themes/qiye-x2/style.css" "Mozilla/5.0 (Linux; U; Android 6.0; zh-cn; MX6 Build/MRA58K) AppleWebKit/537.36 (KHTML, like Gecko)Version/4.0 Chrome/37.0.0.0 MQQBrowser/7.2 Mobile Safari/537.36"
114.249.235.230 - - [11/Apr/2017:10:56:30 +0800] "GET / HTTP/1.1" 200 7635 "http://www.magedu.com/wp-content/themes/qiye-x2/style.css" "Mozilla/5.0 (Linux; U; Android 6.0; zh-cn; MX6 Build/MRA58K) AppleWebKit/537.36 (KHTML, like Gecko)Version/4.0 Chrome/37.0.0.0 MQQBrowser/7.2 Mobile Safari/537.36"
183.202.213.178 - - [11/Apr/2017:10:56:33 +0800] "GET //index.php HTTP/1.1" 301 5 "http://m.magedu.com/" "osee2unifiedRelease/594 Mozilla/5.0 (iPhone; CPU iPhone OS 10_2_1 like Mac OS X) AppleWebKit/602.4.6 (KHTML, like Gecko) Mobile/14D27"
183.202.213.178 - - [11/Apr/2017:10:56:34 +0800] "GET / HTTP/1.1" 200 7635 "http://m.magedu.com/" "osee2unifiedRelease/594 Mozilla/5.0 (iPhone; CPU iPhone OS 10_2_1 like Mac OS X) AppleWebKit/602.4.6 (KHTML, like Gecko) Mobile/14D27"
123.151.38.94 - - [11/Apr/2017:10:56:38 +0800] "GET /index.php HTTP/1.1" 301 5 "http://m.magedu.com/" "Mozilla/5.0 (Linux; U; Android 6.0; zh-cn; MX6 Build/MRA58K) AppleWebKit/537.36 (KHTML, like Gecko)Version/4.0 Chrome/37.0.0.0 MQQBrowser/7.2 Mobile Safari/537.36"
123.151.38.94 - - [11/Apr/2017:10:56:40 +0800] "GET / HTTP/1.1" 200 7635 "http://m.magedu.com/" "Mozilla/5.0 (Linux; U; Android 6.0; zh-cn; MX6 Build/MRA58K) AppleWebKit/537.36 (KHTML, like Gecko)Version/4.0 Chrome/37.0.0.0 MQQBrowser/7.2 Mobile Safari/537.36"
114.249.235.230 - - [11/Apr/2017:10:56:42 +0800] "GET //index.php HTTP/1.1" 301 5 "http://www.magedu.com/wp-content/themes/qiye-x2/style.css" "Mozilla/5.0 (Linux; U; Android 6.0; zh-cn; MX6 Build/MRA58K) AppleWebKit/537.36 (KHTML, like Gecko)Version/4.0 Chrome/37.0.0.0 MQQBrowser/7.2 Mobile Safari/537.36"
114.249.235.230 - - [11/Apr/2017:10:56:43 +0800] "GET / HTTP/1.1" 200 7635 "http://www.magedu.com/wp-content/themes/qiye-x2/style.css" "Mozilla/5.0 (Linux; U; Android 6.0; zh-cn; MX6 Build/MRA58K) AppleWebKit/537.36 (KHTML, like Gecko)Version/4.0 Chrome/37.0.0.0 MQQBrowser/7.2 Mobile Safari/537.36"
123.151.38.94 - - [11/Apr/2017:10:56:54 +0800] "GET /index.php HTTP/1.1" 301 5 "http://m.magedu.com/" "Mozilla/5.0 (Linux; U; Android 6.0; zh-cn; MX6 Build/MRA58K) AppleWebKit/537.36 (KHTML, like Gecko)Version/4.0 Chrome/37.0.0.0 MQQBrowser/7.2 Mobile Safari/537.36"
123.151.38.94 - - [11/Apr/2017:10:56:55 +0800] "GET / HTTP/1.1" 200 7635 "http://m.magedu.com/" "Mozilla/5.0 (Linux; U; Android 6.0; zh-cn; MX6 Build/MRA58K) AppleWebKit/537.36 (KHTML, like Gecko)Version/4.0 Chrome/37.0.0.0 MQQBrowser/7.2 Mobile Safari/537.36"
114.249.235.230 - - [11/Apr/2017:10:56:57 +0800] "GET //index.php HTTP/1.1" 301 5 "http://www.magedu.com/wp-content/themes/qiye-x2/style.css" "Mozilla/5.0 (Linux; U; Android 6.0; zh-cn; MX6 Build/MRA58K) AppleWebKit/537.36 (KHTML, like Gecko)Version/4.0 Chrome/37.0.0.0 MQQBrowser/7.2 Mobile Safari/537.36"
114.249.235.230 - - [11/Apr/2017:10:56:58 +0800] "GET / HTTP/1.1" 200 7635 "http://www.magedu.com/wp-content/themes/qiye-x2/style.css" "Mozilla/5.0 (Linux; U; Android 6.0; zh-cn; MX6 Build/MRA58K) AppleWebKit/537.36 (KHTML, like Gecko)Version/4.0 Chrome/37.0.0.0 MQQBrowser/7.2 Mobile Safari/537.36"
114.249.235.230 - - [11/Apr/2017:10:57:44 +0800] "GET / HTTP/1.1" 200 7635 "-" "Mozilla/5.0 (Windows NT 6.1; WOW64) AppleWebKit/537.36 (KHTML, like Gecko) Chrome/53.0.2785.104 Safari/537.36 Core/1.53.2372.400 QQBrowser/9.5.10548.400"
114.249.235.230 - - [11/Apr/2017:10:57:56 +0800] "GET /favicon.ico HTTP/1.1" 200 5 "http://m.magedu.com/" "Mozilla/5.0 (Windows NT 6.1; WOW64) AppleWebKit/537.36 (KHTML, like Gecko) Chrome/53.0.2785.104 Safari/537.36 Core/1.53.2372.400 QQBrowser/9.5.10548.400"
115.239.212.78 - - [11/Apr/2017:10:58:02 +0800] "GET /wp-includes/js/jquery/jquery.js?ver=1.12.4 HTTP/1.1" 200 33812 "http://m.magedu.com/" "Mozilla/5.0 (iphone; U; CPU iPhone OS 4_3_5 like Mac OS X; zh-cn) AppleWebKit/533.17.9 (KHTML, like Gecko) Version/5.0.2 Mobile/8J2 Safari/6533.18.5"
115.239.212.78 - - [11/Apr/2017:10:58:02 +0800] "GET /wp-includes/js/jquery/jquery-migrate.min.js?ver=1.4.1 HTTP/1.1" 200 4026 "http://m.magedu.com/" "Mozilla/5.0 (iphone; U; CPU iPhone OS 4_3_5 like Mac OS X; zh-cn) AppleWebKit/533.17.9 (KHTML, like Gecko) Version/5.0.2 Mobile/8J2 Safari/6533.18.5"
115.239.212.78 - - [11/Apr/2017:10:58:03 +0800] "GET /wp-content/themes/customizr/style.css?ver=3.4.6 HTTP/1.1" 404 7340 "http://m.magedu.com/" "Mozilla/5.0 (iphone; U; CPU iPhone OS 4_3_5 like Mac OS X; zh-cn) AppleWebKit/533.17.9 (KHTML, like Gecko) Version/5.0.2 Mobile/8J2 Safari/6533.18.5"
115.239.212.78 - - [11/Apr/2017:10:58:03 +0800] "GET /wp-content/plugins/tc-unlimited-featured-pages/front/assets/css/fpu-front.min.css HTTP/1.1" 404 7340 "http://m.magedu.com/" "Mozilla/5.0 (iphone; U; CPU iPhone OS 4_3_5 like Mac OS X; zh-cn) AppleWebKit/533.17.9 (KHTML, like Gecko) Version/5.0.2 Mobile/8J2 Safari/6533.18.5"
115.239.212.78 - - [11/Apr/2017:10:58:03 +0800] "GET /wp-content/themes/customizr/inc/assets/js/fancybox/jquery.fancybox-1.3.4.min.css?ver=4.5.7 HTTP/1.1" 404 7340 "http://m.magedu.com/" "Mozilla/5.0 (iphone; U; CPU iPhone OS 4_3_5 like Mac OS X; zh-cn) AppleWebKit/533.17.9 (KHTML, like Gecko) Version/5.0.2 Mobile/8J2 Safari/6533.18.5"
115.239.212.78 - - [11/Apr/2017:10:58:03 +0800] "GET /wp-content/themes/customizr/inc/assets/css/blue3.min.css?ver=3.4.6 HTTP/1.1" 404 7340 "http://m.magedu.com/" "Mozilla/5.0 (iphone; U; CPU iPhone OS 4_3_5 like Mac OS X; zh-cn) AppleWebKit/533.17.9 (KHTML, like Gecko) Version/5.0.2 Mobile/8J2 Safari/6533.18.5"
115.239.212.78 - - [11/Apr/2017:10:58:03 +0800] "GET /wp-content/themes/customizr/inc/assets/css/tc_common.min.css?ver=3.4.6 HTTP/1.1" 404 7340 "http://m.magedu.com/" "Mozilla/5.0 (iphone; U; CPU iPhone OS 4_3_5 like Mac OS X; zh-cn) AppleWebKit/533.17.9 (KHTML, like Gecko) Version/5.0.2 Mobile/8J2 Safari/6533.18.5"
115.239.212.78 - - [11/Apr/2017:10:58:03 +0800] "GET /wp-content/plugins/tc-unlimited-featured-pages/front/assets/js/fpu-front.min.js HTTP/1.1" 404 7340 "http://m.magedu.com/" "Mozilla/5.0 (iphone; U; CPU iPhone OS 4_3_5 like Mac OS X; zh-cn) AppleWebKit/533.17.9 (KHTML, like Gecko) Version/5.0.2 Mobile/8J2 Safari/6533.18.5"
115.239.212.78 - - [11/Apr/2017:10:58:04 +0800] "GET /wp-content/themes/customizr/inc/assets/js/fancybox/jquery.fancybox-1.3.4.min.js?ver=3.4.6 HTTP/1.1" 404 7340 "http://m.magedu.com/" "Mozilla/5.0 (iphone; U; CPU iPhone OS 4_3_5 like Mac OS X; zh-cn) AppleWebKit/533.17.9 (KHTML, like Gecko) Version/5.0.2 Mobile/8J2 Safari/6533.18.5"
115.239.212.78 - - [11/Apr/2017:10:58:04 +0800] "GET /wp-content/plugins/qq-kefu/qqkefu.css HTTP/1.1" 404 7340 "http://m.magedu.com/" "Mozilla/5.0 (iphone; U; CPU iPhone OS 4_3_5 like Mac OS X; zh-cn) AppleWebKit/533.17.9 (KHTML, like Gecko) Version/5.0.2 Mobile/8J2 Safari/6533.18.5"
115.239.212.78 - - [11/Apr/2017:10:58:04 +0800] "GET /wp-content/plugins/qq-kefu/qqkefuFront.js HTTP/1.1" 404 7340 "http://m.magedu.com/" "Mozilla/5.0 (iphone; U; CPU iPhone OS 4_3_5 like Mac OS X; zh-cn) AppleWebKit/533.17.9 (KHTML, like Gecko) Version/5.0.2 Mobile/8J2 Safari/6533.18.5"
115.239.212.78 - - [11/Apr/2017:10:58:04 +0800] "GET /wp-content/themes/customizr/inc/assets/js/tc-scripts.min.js?ver=3.4.6 HTTP/1.1" 404 7340 "http://m.magedu.com/" "Mozilla/5.0 (iphone; U; CPU iPhone OS 4_3_5 like Mac OS X; zh-cn) AppleWebKit/533.17.9 (KHTML, like Gecko) Version/5.0.2 Mobile/8J2 Safari/6533.18.5"
115.239.212.78 - - [11/Apr/2017:10:58:04 +0800] "GET /wp-content/themes/customizr/inc/assets/js/hammer.min.js?ver=3.4.6 HTTP/1.1" 404 7340 "http://m.magedu.com/" "Mozilla/5.0 (iphone; U; CPU iPhone OS 4_3_5 like Mac OS X; zh-cn) AppleWebKit/533.17.9 (KHTML, like Gecko) Version/5.0.2 Mobile/8J2 Safari/6533.18.5"
115.239.212.78 - - [11/Apr/2017:10:58:04 +0800] "GET /wp-content/plugins/tc-unlimited-featured-pages/front/assets/js/holder.js HTTP/1.1" 404 7340 "http://m.magedu.com/" "Mozilla/5.0 (iphone; U; CPU iPhone OS 4_3_5 like Mac OS X; zh-cn) AppleWebKit/533.17.9 (KHTML, like Gecko) Version/5.0.2 Mobile/8J2 Safari/6533.18.5"
61.148.242.235 - - [11/Apr/2017:10:59:58 +0800] "GET /favicon.ico HTTP/1.1" 200 5 "-" "Mozilla/5.0 (Linux; Android 5.1; 20160101 Build/LMY47D) AppleWebKit/537.36 (KHTML, like Gecko) Version/4.0 Chrome/35.0.1916.138 Mobile Safari/537.36 T7/7.4"
61.148.242.235 - - [11/Apr/2017:11:01:47 +0800] "GET /favicon.ico HTTP/1.1" 200 5 "-" "Mozilla/5.0 (Linux; Android 5.1; 20160101 Build/LMY47D) AppleWebKit/537.36 (KHTML, like Gecko) Version/4.0 Chrome/35.0.1916.138 Mobile Safari/537.36 T7/7.4"
61.148.242.235 - - [11/Apr/2017:11:02:22 +0800] "GET //index.php HTTP/1.1" 301 5 "http://m.magedu.com/" "Mozilla/5.0 (Linux; Android 5.1; 20160101 Build/LMY47D) AppleWebKit/537.36 (KHTML, like Gecko) Version/4.0 Chrome/35.0.1916.138 Mobile Safari/537.36 T7/7.4 baiduboxapp/8.4 (Baidu; P1 5.1)"
61.148.242.235 - - [11/Apr/2017:11:02:23 +0800] "GET /favicon.ico HTTP/1.1" 200 5 "-" "Mozilla/5.0 (Linux; Android 5.1; 20160101 Build/LMY47D) AppleWebKit/537.36 (KHTML, like Gecko) Version/4.0 Chrome/35.0.1916.138 Mobile Safari/537.36 T7/7.4"
61.148.242.235 - - [11/Apr/2017:11:02:32 +0800] "GET / HTTP/1.1" 200 7635 "https://m.baidu.com/from=1012322t/bd_page_type=1/ssid=0/uid=0/baiduid=E6F0B636A0C7F30A35A1EF2DF4624E87/w=0_10_/t=zbios/l=3/tc?ref=www_zbios&pu=sz%401320_480%2Ccuid%40guvFa_PLSal9aB8fluHRugOSv8lhu2fg_a2Hi0Ogvu8Ruvt1ga2I8_uqviYOa2tHA%2Ccua%40_avLCgaH-i46ywoUfpw1zyPLXi4ra2iLA%2Ccut%40_u2j8gaSv84gasiDyavGC9J-mqqqC%2Cosname%40baiduboxapp%2Cctv%402%2Ccfrom%401000813a%2Ccen%40cuid_cua_cut%2Ccsrc%40browserf_box_txt%2Cta%40zbios_2_5.1_6_8.4%2Cusm%402%2Cvmgdb%400020100228y&lid=14930631751314401845&order=2&fm=alop&tj=www_normal_2_0_10_title&vit=osres&m=8&srd=1&cltj=cloud_title&asres=1&nt=wnor&title=%E9%A9%AC%E5%93%A5Python%7C%E9%A9%AC%E5%93%A5%E6%95%99%E8%82%B2%E5%AE%98%E7%BD%91-%E4%B8%93%E4%B8%9ALinux%E5%9F%B9%E8%AE%AD%7CPython%E5%9F%B9%E8%AE%AD&dict=32&w_qd=IlPT2AEptyoA_ykw-Qwcq3WuCjxPkH3&sec=20210&di=ce401c9563689ee8&bdenc=1&tch=124.52.254.469.3.2823&nsrc=IlPT2AEptyoA_yixCFOxXnANedT62v3IEQGG_yFZ2TuqiI39h47aUbBuYzSqAp8TUZDQbSPQt_91tXKeXlMz7xUuq0dmtmIgznvg-PmsudHWUcm&eqid=cf344278d14368001000000358ec4500&wd=&clk_info=%7B%22srcid%22%3A%221599%22%2C%22tplname%22%3A%22www_normal%22%2C%22t%22%3A1491879750363%2C%22xpath%22%3A%22div-a-h3%22%7D" "Mozilla/5.0 (Linux; Android 5.1; 20160101 Build/LMY47D) AppleWebKit/537.36 (KHTML, like Gecko) Version/4.0 Chrome/35.0.1916.138 Mobile Safari/537.36 T7/7.4 baiduboxapp/8.4 (Baidu; P1 5.1)"
61.148.242.235 - - [11/Apr/2017:11:02:33 +0800] "GET //index.php HTTP/1.1" 301 5 "http://m.magedu.com/" "Mozilla/5.0 (Linux; Android 5.1; 20160101 Build/LMY47D) AppleWebKit/537.36 (KHTML, like Gecko) Version/4.0 Chrome/35.0.1916.138 Mobile Safari/537.36 T7/7.4 baiduboxapp/8.4 (Baidu; P1 5.1)"
61.148.242.235 - - [11/Apr/2017:11:02:34 +0800] "GET / HTTP/1.1" 200 7635 "http://m.magedu.com/" "Mozilla/5.0 (Linux; Android 5.1; 20160101 Build/LMY47D) AppleWebKit/537.36 (KHTML, like Gecko) Version/4.0 Chrome/35.0.1916.138 Mobile Safari/537.36 T7/7.4 baiduboxapp/8.4 (Baidu; P1 5.1)"
61.148.242.235 - - [11/Apr/2017:11:02:35 +0800] "GET /favicon.ico HTTP/1.1" 200 5 "-" "Mozilla/5.0 (Linux; Android 5.1; 20160101 Build/LMY47D) AppleWebKit/537.36 (KHTML, like Gecko) Version/4.0 Chrome/35.0.1916.138 Mobile Safari/537.36 T7/7.4"
61.148.242.235 - - [11/Apr/2017:11:03:04 +0800] "GET /favicon.ico HTTP/1.1" 200 5 "-" "Mozilla/5.0 (Linux; Android 5.1; 20160101 Build/LMY47D) AppleWebKit/537.36 (KHTML, like Gecko) Version/4.0 Chrome/35.0.1916.138 Mobile Safari/537.36 T7/7.4"
120.42.89.21 - - [11/Apr/2017:11:05:04 +0800] "GET //index.php HTTP/1.1" 301 5 "-" "Mozilla/5.0 (Linux; Android 6.0.1; SM901 Build/MXB48T; wv) AppleWebKit/537.36 (KHTML, like Gecko) Version/4.0 Chrome/53.0.2785.49 Mobile MQQBrowser/6.2 TBS/043124 Safari/537.36 V1_AND_SQ_6.7.1_500_YYB_D QQ/6.7.1.3105 NetType/WIFI WebP/0.3.0 Pixel/1080"
120.42.89.21 - - [11/Apr/2017:11:05:04 +0800] "GET / HTTP/1.1" 200 7635 "-" "Mozilla/5.0 (Linux; Android 6.0.1; SM901 Build/MXB48T; wv) AppleWebKit/537.36 (KHTML, like Gecko) Version/4.0 Chrome/53.0.2785.49 Mobile MQQBrowser/6.2 TBS/043124 Safari/537.36 V1_AND_SQ_6.7.1_500_YYB_D QQ/6.7.1.3105 NetType/WIFI WebP/0.3.0 Pixel/1080"
120.42.89.21 - - [11/Apr/2017:11:05:07 +0800] "GET / HTTP/1.1" 200 7635 "http://www.magedu.com/wp-content/themes/qiye-x2/style.css" "Mozilla/5.0 (Linux; Android 6.0.1; SM901 Build/MXB48T; wv) AppleWebKit/537.36 (KHTML, like Gecko) Version/4.0 Chrome/53.0.2785.49 Mobile MQQBrowser/6.2 TBS/043124 Safari/537.36 V1_AND_SQ_6.7.1_500_YYB_D QQ/6.7.1.3105 NetType/WIFI WebP/0.3.0 Pixel/1080"
182.118.53.220 - - [11/Apr/2017:11:06:31 +0800] "GET //index.php HTTP/1.1" 301 5 "-" "Mozilla/5.0 (iPhone; CPU iPhone OS 6_0 like Mac OS X) AppleWebKit/536.26 (KHTML, like Gecko) Version/6.0 Mobile/10A5376e Safari/8536.25"
182.118.53.220 - - [11/Apr/2017:11:06:32 +0800] "GET / HTTP/1.1" 200 7635 "-" "Mozilla/5.0 (iPhone; CPU iPhone OS 6_0 like Mac OS X) AppleWebKit/536.26 (KHTML, like Gecko) Version/6.0 Mobile/10A5376e Safari/8536.25"
125.40.126.178 - - [11/Apr/2017:11:07:35 +0800] "GET //index.php HTTP/1.1" 301 5 "-" "Mozilla/5.0 (iPhone; CPU iPhone OS 10_2_1 like Mac OS X) AppleWebKit/602.4.6 (KHTML, like Gecko) Version/10.0 Mobile/14D27 Safari/602.1"
125.40.126.178 - - [11/Apr/2017:11:07:36 +0800] "GET / HTTP/1.1" 200 7635 "-" "Mozilla/5.0 (iPhone; CPU iPhone OS 10_2_1 like Mac OS X) AppleWebKit/602.4.6 (KHTML, like Gecko) Version/10.0 Mobile/14D27 Safari/602.1"
125.40.126.178 - - [11/Apr/2017:11:07:38 +0800] "GET //index.php HTTP/1.1" 301 5 "http://m.magedu.com/" "Mozilla/5.0 (iPhone; CPU iPhone OS 10_2_1 like Mac OS X) AppleWebKit/602.4.6 (KHTML, like Gecko) Version/10.0 Mobile/14D27 Safari/602.1"
125.40.126.178 - - [11/Apr/2017:11:07:38 +0800] "GET / HTTP/1.1" 200 7635 "http://m.magedu.com/" "Mozilla/5.0 (iPhone; CPU iPhone OS 10_2_1 like Mac OS X) AppleWebKit/602.4.6 (KHTML, like Gecko) Version/10.0 Mobile/14D27 Safari/602.1"
125.40.126.178 - - [11/Apr/2017:11:08:38 +0800] "GET /index.php HTTP/1.1" 301 5 "http://m.magedu.com/" "Mozilla/5.0 (iPhone; CPU iPhone OS 10_2_1 like Mac OS X) AppleWebKit/602.4.6 (KHTML, like Gecko) Version/10.0 Mobile/14D27 Safari/602.1"
125.40.126.178 - - [11/Apr/2017:11:08:41 +0800] "GET / HTTP/1.1" 200 7635 "http://m.magedu.com/" "Mozilla/5.0 (iPhone; CPU iPhone OS 10_2_1 like Mac OS X) AppleWebKit/602.4.6 (KHTML, like Gecko) Version/10.0 Mobile/14D27 Safari/602.1"
125.40.126.178 - - [11/Apr/2017:11:08:43 +0800] "GET //index.php HTTP/1.1" 301 5 "http://m.magedu.com/" "Mozilla/5.0 (iPhone; CPU iPhone OS 10_2_1 like Mac OS X) AppleWebKit/602.4.6 (KHTML, like Gecko) Version/10.0 Mobile/14D27 Safari/602.1"
125.40.126.178 - - [11/Apr/2017:11:08:44 +0800] "GET / HTTP/1.1" 200 7635 "http://m.magedu.com/" "Mozilla/5.0 (iPhone; CPU iPhone OS 10_2_1 like Mac OS X) AppleWebKit/602.4.6 (KHTML, like Gecko) Version/10.0 Mobile/14D27 Safari/602.1"
125.40.126.178 - - [11/Apr/2017:11:08:47 +0800] "GET /index.php HTTP/1.1" 301 5 "http://m.magedu.com/" "Mozilla/5.0 (iPhone; CPU iPhone OS 10_2_1 like Mac OS X) AppleWebKit/602.4.6 (KHTML, like Gecko) Version/10.0 Mobile/14D27 Safari/602.1"
125.40.126.178 - - [11/Apr/2017:11:08:47 +0800] "GET / HTTP/1.1" 200 7635 "http://m.magedu.com/" "Mozilla/5.0 (iPhone; CPU iPhone OS 10_2_1 like Mac OS X) AppleWebKit/602.4.6 (KHTML, like Gecko) Version/10.0 Mobile/14D27 Safari/602.1"
125.40.126.178 - - [11/Apr/2017:11:08:48 +0800] "GET //index.php HTTP/1.1" 301 5 "http://m.magedu.com/" "Mozilla/5.0 (iPhone; CPU iPhone OS 10_2_1 like Mac OS X) AppleWebKit/602.4.6 (KHTML, like Gecko) Version/10.0 Mobile/14D27 Safari/602.1"
125.40.126.178 - - [11/Apr/2017:11:08:48 +0800] "GET / HTTP/1.1" 200 7635 "http://m.magedu.com/" "Mozilla/5.0 (iPhone; CPU iPhone OS 10_2_1 like Mac OS X) AppleWebKit/602.4.6 (KHTML, like Gecko) Version/10.0 Mobile/14D27 Safari/602.1"
125.40.126.178 - - [11/Apr/2017:11:09:26 +0800] "GET /index.php HTTP/1.1" 301 5 "http://m.magedu.com/" "Mozilla/5.0 (iPhone; CPU iPhone OS 10_2_1 like Mac OS X) AppleWebKit/602.4.6 (KHTML, like Gecko) Version/10.0 Mobile/14D27 Safari/602.1"
125.40.126.178 - - [11/Apr/2017:11:09:26 +0800] "GET / HTTP/1.1" 200 7635 "http://m.magedu.com/" "Mozilla/5.0 (iPhone; CPU iPhone OS 10_2_1 like Mac OS X) AppleWebKit/602.4.6 (KHTML, like Gecko) Version/10.0 Mobile/14D27 Safari/602.1"
125.40.126.178 - - [11/Apr/2017:11:09:27 +0800] "GET //index.php HTTP/1.1" 301 5 "http://m.magedu.com/" "Mozilla/5.0 (iPhone; CPU iPhone OS 10_2_1 like Mac OS X) AppleWebKit/602.4.6 (KHTML, like Gecko) Version/10.0 Mobile/14D27 Safari/602.1"
125.40.126.178 - - [11/Apr/2017:11:09:27 +0800] "GET / HTTP/1.1" 200 7635 "http://m.magedu.com/" "Mozilla/5.0 (iPhone; CPU iPhone OS 10_2_1 like Mac OS X) AppleWebKit/602.4.6 (KHTML, like Gecko) Version/10.0 Mobile/14D27 Safari/602.1"
125.40.126.178 - - [11/Apr/2017:11:09:30 +0800] "GET /index.php HTTP/1.1" 301 5 "http://m.magedu.com/" "Mozilla/5.0 (iPhone; CPU iPhone OS 10_2_1 like Mac OS X) AppleWebKit/602.4.6 (KHTML, like Gecko) Version/10.0 Mobile/14D27 Safari/602.1"
125.40.126.178 - - [11/Apr/2017:11:09:30 +0800] "GET / HTTP/1.1" 200 7635 "http://m.magedu.com/" "Mozilla/5.0 (iPhone; CPU iPhone OS 10_2_1 like Mac OS X) AppleWebKit/602.4.6 (KHTML, like Gecko) Version/10.0 Mobile/14D27 Safari/602.1"
125.40.126.178 - - [11/Apr/2017:11:09:31 +0800] "GET //index.php HTTP/1.1" 301 5 "http://m.magedu.com/" "Mozilla/5.0 (iPhone; CPU iPhone OS 10_2_1 like Mac OS X) AppleWebKit/602.4.6 (KHTML, like Gecko) Version/10.0 Mobile/14D27 Safari/602.1"
125.40.126.178 - - [11/Apr/2017:11:09:31 +0800] "GET / HTTP/1.1" 200 7635 "http://m.magedu.com/" "Mozilla/5.0 (iPhone; CPU iPhone OS 10_2_1 like Mac OS X) AppleWebKit/602.4.6 (KHTML, like Gecko) Version/10.0 Mobile/14D27 Safari/602.1"
